fromList [ ("test", fromList ["DispatchBase::f"])]
