fromList [ ("test", fromList ["DispatchBase::g"])]
