fromList [ ("test", fromList ["DispatchBase::f", "Derived::f"])]
