fromList [ ("mm", fromList ["Base::f1", "Middle1::f1", "Derived::f1"]) ]
