fromList [ ("%if.then", 10), ("%if.end", -79), ("%for.end", -79), ("%for.cond", -79), ("%for.body", -79) ]
