[fromList ["main"], fromList ["g"], fromList ["f"]]
