[fromList ["main"], fromList ["g", "f"], fromList ["h"]]
