fromList [ ("Base1", fromList ["Derived"])
         , ("Base2", fromList ["Derived"])
         ]
