fromList [ ("Base", fromList ["Derived"])
         , ("Derived", fromList ["Derived2"])
         ]
