fromList [ ("Base", fromList ["Derived", "Derived2"]) ]
