fromList [ ("@f", ("%struct.T*", [AccessDeref, AccessField 0, AccessDeref, AccessField 1]) ) ]