fromList [ ("@f", ("%struct.Vtbl*", [AccessDeref, AccessField 3])) ]
