fromList [ ("@f", ("[100 x i32]*", [AccessDeref, AccessArray])) ]