fromList [ ("@f", ("i32**", [AccessDeref, AccessDeref])) ]
