fromList [ ("@f", ("%struct.S*", [AccessDeref, AccessField 0])) ]