fromList [ ("@f", ("%struct.S**", [AccessDeref, AccessDeref, AccessField 0])) ]
